Microchip MPLAB XC8 Compiler V2.35

Linker command line:

-W-3 --edf=C:\Program Files\Microchip\xc8\v2.35\pic\dat\en_msgs.txt -cn \
  -h+dist/default/production\Lab7_Sim.X.production.sym \
  --cmf=dist/default/production\Lab7_Sim.X.production.cmf -z -Q16F887 \
  -oC:\Users\AIDATO~1\AppData\Local\Temp\xcAso7s.4 --defsym=__MPLAB_BUILD=1 \
  -Mdist/default/production/Lab7_Sim.X.production.map \
  --md=C:\Users\AIDATO~1\AppData\Local\Temp\xcAso7s.dat -E1 \
  -ver=XC8 Compiler --acfsm=1493 -ACODE=00h-07FFhx4 -ASTRCODE=00h-01FFFh \
  -ASTRING=00h-0FFhx32 -ACONST=00h-0FFhx32 -AENTRY=00h-0FFhx32 \
  -ACOMMON=070h-07Fh -ABANK0=020h-06Fh -ABANK1=0A0h-0EFh \
  -ABANK2=0110h-016Fh -ABANK3=0190h-01EFh \
  -ARAM=020h-06Fh,0A0h-0EFh,0110h-016Fh,0190h-01EFh \
  -AABS1=020h-07Fh,0A0h-0EFh,0110h-016Fh,0190h-01EFh -ASFR0=00h-01Fh \
  -ASFR1=080h-09Fh -ASFR2=0100h-010Fh -ASFR3=0180h-018Fh \
  -ACONFIG=02007h-02008h -DCONFIG=2 -AIDLOC=02000h-02003h -DIDLOC=2 \
  -AEEDATA=00h-0FFh/02100h -peeprom_data=EEDATA -DEEDATA=2 -DCODE=2 \
  -DSTRCODE=2 -DSTRING=2 -DCONST=2 -DENTRY=2 \
  -preset_vec=00h,intentry=04h,init,end_init -ppowerup=CODE -pcinit=CODE \
  -pfunctab=ENTRY -k C:\Users\AIDATO~1\AppData\Local\Temp\xcAso7s.o \
  dist/default/production\Lab7_Sim.X.production.o 

Object code version is 3.11

Machine type is 16F887



                Name                               Link     Load   Length Selector   Space Scale
C:\Users\AIDATO~1\AppData\Local\Temp\xcAso7s.o
                end_init                              E        E        3        8       0
                reset_vec                             0        0        3        0       0
                config                             2007     2007        2        0       4
                idloc                              2000     2000        4        0       5
dist/default/production\Lab7_Sim.X.production.o
                cinit                                11       11       13        8       0
                intentry                              4        4        A        8       0
                config                             2007     2007        2        0       4
                idloc                              2000     2000        4        0       5
                text5                               143      143       59        8       0
                text4                                24       24       69        8       0
                text3                                E8       E8       5B        8       0
                text2                                8D       8D       5B        8       0
                text1                               19C      19C       33        8       0
                maintext                            1CF      1CF       14        8       0
                cstackBANK0                          30       30        B       20       1
                cstackCOMMON                         70       70        6       70       1
                inittext                            1E3      1E3       13        8       0
                dataBANK0                            20       20       10       20       1
                bssCOMMON                            79       79        1       70       1
                nvBANK0                              3B       3B        2       20       1
                nvCOMMON                             76       76        3       70       1
                idataBANK0                          1F6      1F6       10        8       0

TOTAL           Name                               Link     Load   Length     Space
        CLASS   CODE           
                end_init                              E        E        3         0
                cinit                                11       11       13         0
                intentry                              4        4        A         0
                reset_vec                             0        0        3         0
                text5                               143      143       59         0
                text4                                24       24       69         0
                text3                                E8       E8       5B         0
                text2                                8D       8D       5B         0
                text1                               19C      19C       33         0
                maintext                            1CF      1CF       14         0
                inittext                            1E3      1E3       13         0
                idataBANK0                          1F6      1F6       10         0

        CLASS   STRCODE        

        CLASS   STRING         

        CLASS   CONST          

        CLASS   ENTRY          

        CLASS   COMMON         
                cstackCOMMON                         70       70        6         1
                bssCOMMON                            79       79        1         1
                nvCOMMON                             76       76        3         1

        CLASS   BANK0          
                cstackBANK0                          30       30        B         1
                dataBANK0                            20       20       10         1
                nvBANK0                              3B       3B        2         1

        CLASS   BANK1          

        CLASS   BANK2          

        CLASS   BANK3          

        CLASS   RAM            

        CLASS   ABS1           
                abs_s1                               7E       7E        2         1

        CLASS   SFR0           

        CLASS   SFR1           

        CLASS   SFR2           

        CLASS   SFR3           

        CLASS   CONFIG         
                config                             2007     2007        2         4

        CLASS   IDLOC          
                idloc                              2000     2000        4         5

        CLASS   EEDATA         

        CLASS   STACK          



SEGMENTS        Name                           Load    Length   Top    Selector   Space  Class     Delta

                reset_vec                      000000  000003  000003         0       0  CODE        2
                intentry                       000004  000202  000206         8       0  CODE        2
                dataBANK0                      000020  00001D  00003D        20       1  BANK0       1
                cstackCOMMON                   000070  00000A  00007A        70       1  COMMON      1


UNUSED ADDRESS RANGES

        Name                Unused          Largest block    Delta
        BANK0            003D-006F             33           1
        BANK1            00A0-00EF             50           1
        BANK2            0110-016F             60           1
        BANK3            0190-01EF             60           1
        CODE             0003-0003              1           2
                         0206-1FFF            800
        COMMON           007A-007D              4           1
        CONST            0003-0003              1           2
                         0206-1FFF            100
        EEDATA           2100-21FF            100           2
        ENTRY            0003-0003              1           2
                         0206-1FFF            100
        RAM              003D-006F             33           1
                         00A0-00EF             50
                         0110-016F             60
                         0190-01EF             60
        SFR0             0000-001F             20           1
        SFR1             0080-009F             20           1
        SFR2             0100-010F             10           1
        SFR3             0180-018F             10           1
        STRCODE          0003-0003              1           2
                         0206-1FFF           1DFA
        STRING           0003-0003              1           2
                         0206-1FFF            100

                                  Symbol Table

?___awdiv                cstackBANK0  0030
?___awmod                cstackBANK0  0030
_ANSEL                   (abs)        0188
_ANSELH                  (abs)        0189
_INTCONbits              (abs)        000B
_IOCBbits                (abs)        0096
_OPTION_REGbits          (abs)        0081
_OSCCONbits              (abs)        008F
_PORTBbits               (abs)        0006
_PORTC                   (abs)        0007
_PORTD                   (abs)        0008
_PORTE                   (abs)        0009
_PORTEbits               (abs)        0009
_T0IF                    (abs)        005A
_TMR0                    (abs)        0001
_TRISBbits               (abs)        0086
_TRISC                   (abs)        0087
_TRISD                   (abs)        0088
_TRISE                   (abs)        0089
_WPUBbits                (abs)        0095
__Habs1                  abs1         0000
__Hbank0                 bank0        0000
__Hbank1                 bank1        0000
__Hbank2                 bank2        0000
__Hbank3                 bank3        0000
__HbssCOMMON             bssCOMMON    0000
__Hcinit                 cinit        0024
__Hclrtext               clrtext      0000
__Hcode                  code         0000
__Hcommon                common       0000
__Hconfig                config       2009
__HcstackBANK0           cstackBANK0  0000
__HcstackCOMMON          cstackCOMMON 0000
__HdataBANK0             dataBANK0    0000
__Heeprom_data           eeprom_data  0000
__Hend_init              end_init     0011
__Hfunctab               functab      0000
__HidataBANK0            idataBANK0   0000
__Hidloc                 idloc        2004
__Hinit                  init         000E
__Hinittext              inittext     0000
__Hintentry              intentry     000E
__Hmaintext              maintext     0000
__HnvBANK0               nvBANK0      0000
__HnvCOMMON              nvCOMMON     0000
__Hpowerup               powerup      0000
__Hram                   ram          0000
__Hreset_vec             reset_vec    0003
__Hsfr0                  sfr0         0000
__Hsfr1                  sfr1         0000
__Hsfr2                  sfr2         0000
__Hsfr3                  sfr3         0000
__Hspace_0               (abs)        0206
__Hspace_1               (abs)        007A
__Hspace_2               (abs)        0000
__Hspace_3               (abs)        0000
__Hspace_4               (abs)        4010
__Hstack                 stack        0000
__Hstrings               strings      0000
__Htext                  text         0000
__Labs1                  abs1         0000
__Lbank0                 bank0        0000
__Lbank1                 bank1        0000
__Lbank2                 bank2        0000
__Lbank3                 bank3        0000
__LbssCOMMON             bssCOMMON    0000
__Lcinit                 cinit        0011
__Lclrtext               clrtext      0000
__Lcode                  code         0000
__Lcommon                common       0000
__Lconfig                config       0000
__LcstackBANK0           cstackBANK0  0000
__LcstackCOMMON          cstackCOMMON 0000
__LdataBANK0             dataBANK0    0000
__Leeprom_data           eeprom_data  0000
__Lend_init              end_init     000E
__Lfunctab               functab      0000
__LidataBANK0            idataBANK0   0000
__Lidloc                 idloc        0000
__Linit                  init         000E
__Linittext              inittext     0000
__Lintentry              intentry     0004
__Lmaintext              maintext     0000
__LnvBANK0               nvBANK0      0000
__LnvCOMMON              nvCOMMON     0000
__Lpowerup               powerup      0000
__Lram                   ram          0000
__Lreset_vec             reset_vec    0000
__Lsfr0                  sfr0         0000
__Lsfr1                  sfr1         0000
__Lsfr2                  sfr2         0000
__Lsfr3                  sfr3         0000
__Lspace_0               (abs)        0000
__Lspace_1               (abs)        0000
__Lspace_2               (abs)        0000
__Lspace_3               (abs)        0000
__Lspace_4               (abs)        0000
__Lstack                 stack        0000
__Lstrings               strings      0000
__Ltext                  text         0000
__S0                     (abs)        0206
__S1                     (abs)        007A
__S3                     (abs)        0000
___awdiv                 text4        0024
___awdiv@counter         cstackBANK0  0034
___awdiv@dividend        cstackBANK0  0032
___awdiv@divisor         cstackBANK0  0030
___awdiv@quotient        cstackBANK0  0036
___awdiv@sign            cstackBANK0  0035
___awmod                 text3        00E8
___awmod@counter         cstackBANK0  0034
___awmod@dividend        cstackBANK0  0032
___awmod@divisor         cstackBANK0  0030
___awmod@sign            cstackBANK0  0035
___int_sp                stack        0000
___latbits               (abs)        0002
___sp                    stack        0000
___stackhi               (abs)        0000
___stacklo               (abs)        0000
__end_of___awdiv         text4        008D
__end_of___awmod         text3        0143
__end_of__initialization cinit        0020
__end_of_divisiones      text2        00E8
__end_of_isr             text5        019C
__end_of_main            maintext     01E3
__end_of_setup           text1        01CF
__initialization         cinit        0011
__pbssCOMMON             bssCOMMON    0079
__pcstackBANK0           cstackBANK0  0030
__pcstackCOMMON          cstackCOMMON 0070
__pdataBANK0             dataBANK0    0020
__pidataBANK0            idataBANK0   01F6
__pintentry              intentry     0004
__pmaintext              maintext     01CF
__pnvBANK0               nvBANK0      003B
__pnvCOMMON              nvCOMMON     0076
__ptext1                 text1        019C
__ptext2                 text2        008D
__ptext3                 text3        00E8
__ptext4                 text4        0024
__ptext5                 text5        0143
_banderas                bssCOMMON    0079
_centenas                nvBANK0      003B
_contador                nvCOMMON     0077
_decenas                 nvBANK0      003C
_display                 dataBANK0    0020
_divisiones              text2        008D
_isr                     text5        0143
_main                    maintext     01CF
_residuo                 nvCOMMON     0076
_setup                   text1        019C
_unidades                nvCOMMON     0078
btemp                    (abs)        007E
end_of_initialization    cinit        0020
init_fetch0              inittext     01E3
init_ram0                inittext     01E7
interrupt_function       intentry     0004
intlevel0                functab      0000
intlevel1                functab      0000
intlevel2                functab      0000
intlevel3                functab      0000
intlevel4                functab      0000
intlevel5                functab      0000
reset_vec                reset_vec    0000
saved_w                  (abs)        007E
start                    init         000E
start_initialization     cinit        0011
wtemp0                   (abs)        007E


MODULE INFORMATION

Module		Function		Class		Link	Load	Size
C:\Program Files\Microchip\xc8\v2.35\pic\sources\c90\common\awmod.c
		___awmod       		CODE           	00E8	0000	91

C:\Program Files\Microchip\xc8\v2.35\pic\sources\c90\common\awmod.c estimated size: 91

C:\Program Files\Microchip\xc8\v2.35\pic\sources\c90\common\awdiv.c
		___awdiv       		CODE           	0024	0000	105

C:\Program Files\Microchip\xc8\v2.35\pic\sources\c90\common\awdiv.c estimated size: 105

shared
		__initialization		CODE           	0011	0000	15

shared estimated size: 15

Prelab7.c
		_main          		CODE           	01CF	0000	20
		_isr           		CODE           	0143	0000	89
		_divisiones    		CODE           	008D	0000	91
		_setup         		CODE           	019C	0000	51

Prelab7.c estimated size: 251

